The following slacks have been normalized to be non-negative by relaxing the required times to the maximum arrival time.

Largest slack in design: --
Smallest slack in design: --
Total slack in design: 0
Total negative slack: 0


Net #	Driver_tnode	to_node	Slack

    0	   30		    0	--
    1	   17		    1	--
    2	    2		   33	--
    3	   36		    3	--
    4	   24		   15	--
    5	   27		   16	--
